11 11 2
32 28
4 4 0
4 6 1
6 6 1
2 4 1
6 2 0
4 2 1
6 6 0
2 2 0
8 6 1
4 8 0
2 2 1
2 6 0
4 8 1
2 8 0
4 6 0
6 8 1
6 4 1
4 4 1
6 4 0
8 4 0
6 8 0
2 4 0
6 2 1
2 8 1
4 2 0
8 8 0
2 6 1
8 6 0
8 2 1
8 4 1
8 2 0
8 8 1
8 10 1
8 10 0
8 0 1
8 0 0
6 10 1
6 10 0
6 0 1
6 0 0
4 10 1
4 10 0
4 0 1
4 0 0
2 10 1
2 10 0
2 0 1
2 0 0
0 10 1
0 10 0
0 8 1
0 8 0
0 6 1
0 6 0
0 4 1
0 4 0
0 2 1
0 2 0
0 0 1
0 0 0
97 16
2
36 1 
8
2 6 10 1
2 5 10 1
1 5 10 1
1 5 9 1
1 5 8 1
1 5 7 1
1 4 7 1
1 4 6 1
2
19 4 
6
1 8 4 0
1 7 4 0
0 7 4 0
0 7 3 0
0 6 3 0
0 6 2 0
2
24 7 
6
1 4 2 0
1 3 2 0
0 3 2 0
0 3 1 0
0 2 1 0
0 2 2 0
2
17 1 
6
1 4 4 1
1 5 4 1
2 5 4 1
2 5 5 1
2 4 5 1
2 4 6 1
2
24 5 
7
2 4 2 0
2 3 2 0
2 3 1 0
2 4 1 0
1 4 1 0
1 4 1 1
1 4 2 1
2
19 16 
7
2 8 4 0
2 7 4 0
2 7 3 0
2 6 3 0
1 6 3 0
1 6 3 1
1 6 4 1
2
3 12 
8
1 2 4 1
1 3 4 1
0 3 4 1
0 3 5 1
0 3 6 1
0 3 7 1
0 4 7 1
0 4 8 1
2
21 14 
6
1 2 4 0
1 3 4 0
0 3 4 0
0 3 5 0
0 4 5 0
0 4 6 0
2
16 17 
9
2 6 4 1
2 7 4 1
2 7 3 1
2 6 3 1
2 5 3 1
1 5 3 1
1 4 3 1
2 4 3 1
2 4 4 1
2
8 31 
6
1 8 6 1
1 7 6 1
0 7 6 1
0 7 7 1
0 8 7 1
0 8 8 1
2
14 11 
6
1 4 6 0
1 3 6 0
0 3 6 0
0 3 7 0
0 2 7 0
0 2 6 0
2
5 17 
6
2 4 2 1
2 3 2 1
3 3 2 1
3 3 3 1
3 4 3 1
3 4 4 1
2
7 0 
8
1 2 2 0
1 1 2 0
0 1 2 0
0 1 3 0
0 2 3 0
0 3 3 0
0 4 3 0
0 4 4 0
2
11 7 
8
1 2 6 0
1 1 6 0
2 1 6 0
2 1 5 0
2 1 4 0
2 1 3 0
2 2 3 0
2 2 2 0
2
12 5 
12
2 4 8 1
2 5 8 1
3 5 8 1
3 5 7 1
3 5 6 1
3 5 5 1
3 5 4 1
3 5 3 1
3 5 2 1
3 5 1 1
3 4 1 1
3 4 2 1
2
7 3 
7
3 2 2 0
3 1 2 0
2 1 2 0
2 1 2 1
2 1 3 1
2 2 3 1
2 2 4 1
2
30 19 
6
2 8 2 0
2 7 2 0
3 7 2 0
3 7 3 0
3 8 3 0
3 8 4 0
2
19 29 
9
4 8 4 0
4 7 4 0
3 7 4 0
3 7 5 0
4 7 5 0
4 8 5 0
3 8 5 0
3 8 5 1
3 8 4 1
2
17 21 
9
4 4 4 1
4 3 4 1
3 3 4 1
3 3 5 1
4 3 5 1
4 2 5 1
3 2 5 1
3 2 5 0
3 2 4 0
2
11 2 
9
2 2 6 0
2 3 6 0
2 3 5 0
2 4 5 0
1 4 5 0
1 5 5 0
1 6 5 0
1 6 5 1
1 6 6 1
2
1 17 
6
4 4 6 1
4 3 6 1
5 3 6 1
5 3 5 1
5 4 5 1
5 4 4 1
2
3 5 
8
3 2 4 1
3 1 4 1
4 1 4 1
4 1 3 1
4 2 3 1
4 3 3 1
4 4 3 1
4 4 2 1
2
12 20 
11
3 4 8 1
3 3 8 1
2 3 8 1
2 3 7 1
3 3 7 1
3 4 7 1
2 4 7 1
2 5 7 1
2 6 7 1
2 6 7 0
2 6 8 0
2
8 2 
6
3 8 6 1
3 7 6 1
2 7 6 1
2 7 5 1
2 6 5 1
2 6 6 1
2
4 22 
9
1 6 2 0
1 5 2 0
0 5 2 0
0 5 1 0
1 5 1 0
1 6 1 0
0 6 1 0
0 6 1 1
0 6 2 1
2
2 14 
7
4 6 6 1
4 5 6 1
4 5 5 1
4 4 5 1
3 4 5 1
3 4 5 0
3 4 6 0
2
2 22 
8
5 6 6 1
5 5 6 1
5 5 5 1
5 5 4 1
5 5 3 1
4 5 3 1
4 6 3 1
4 6 2 1
2
13 11 
6
2 2 8 0
2 1 8 0
3 1 8 0
3 1 7 0
3 2 7 0
3 2 6 0
2
14 9 
6
4 4 6 0
4 3 6 0
3 3 6 0
3 3 7 0
3 4 7 0
3 4 8 0
2
3 18 
11
5 2 4 1
5 3 4 1
5 3 3 1
5 4 3 1
5 4 3 0
4 4 3 0
4 5 3 0
5 5 3 0
5 6 3 0
4 6 3 0
4 6 4 0
2
17 7 
7
6 4 4 1
6 3 4 1
6 3 3 1
6 2 3 1
5 2 3 1
5 2 3 0
5 2 2 0
2
10 21 
7
3 2 2 1
3 1 2 1
4 1 2 1
4 1 2 0
4 1 3 0
4 2 3 0
4 2 4 0
2
17 8 
8
7 4 4 1
7 5 4 1
7 5 5 1
7 6 5 1
7 7 5 1
7 8 5 1
6 8 5 1
6 8 6 1
2
3 10 
8
6 2 4 1
6 1 4 1
5 1 4 1
5 1 3 1
5 1 2 1
5 1 1 1
5 2 1 1
5 2 2 1
2
19 22 
6
5 8 4 0
5 7 4 0
5 7 3 0
5 7 3 1
5 6 3 1
5 6 2 1
2
15 12 
8
3 6 8 1
3 7 8 1
4 7 8 1
4 7 7 1
4 6 7 1
4 5 7 1
4 4 7 1
4 4 8 1
2
9 12 
6
5 4 8 0
5 3 8 0
5 3 7 0
5 4 7 0
5 4 7 1
5 4 8 1
2
16 1 
8
5 6 4 1
5 7 4 1
6 7 4 1
6 7 5 1
6 6 5 1
6 5 5 1
6 4 5 1
6 4 6 1
2
5 4 
9
5 4 2 1
5 5 2 1
4 5 2 1
4 5 1 1
5 5 1 1
5 6 1 1
4 6 1 1
4 6 1 0
4 6 2 0
2
10 24 
9
6 2 2 1
6 3 2 1
5 3 2 1
5 3 1 1
6 3 1 1
6 4 1 1
5 4 1 1
5 4 1 0
5 4 2 0
2
10 4 
9
7 2 2 1
7 3 2 1
7 3 1 1
7 4 1 1
7 5 1 1
6 5 1 1
6 6 1 1
6 6 1 0
6 6 2 0
2
7 14 
8
6 2 2 0
6 3 2 0
5 3 2 0
5 3 3 0
5 3 4 0
5 3 5 0
5 4 5 0
5 4 6 0
2
21 11 
6
5 2 4 0
5 1 4 0
4 1 4 0
4 1 5 0
4 2 5 0
4 2 6 0
2
24 19 
9
6 4 2 0
6 5 2 0
7 5 2 0
7 5 3 0
7 6 3 0
7 7 3 0
6 7 3 0
6 8 3 0
6 8 4 0
2
15 1 
6
6 6 8 1
6 5 8 1
7 5 8 1
7 5 7 1
7 4 7 1
7 4 6 1
2
0 16 
6
6 4 4 0
6 5 4 0
6 5 3 0
6 6 3 0
6 6 3 1
6 6 4 1
2
16 22 
6
8 6 4 1
8 7 4 1
7 7 4 1
7 7 3 1
7 6 3 1
7 6 2 1
2
11 4 
12
6 2 6 0
6 3 6 0
7 3 6 0
7 3 5 0
7 3 4 0
7 3 3 0
7 3 2 0
7 3 1 0
7 4 1 0
7 5 1 0
7 6 1 0
7 6 2 0
2
22 16 
6
8 6 2 1
8 5 2 1
9 5 2 1
9 5 3 1
9 6 3 1
9 6 4 1
2
18 19 
6
6 6 4 0
6 7 4 0
7 7 4 0
7 7 5 0
7 8 5 0
7 8 4 0
2
22 16 
6
9 6 2 1
9 7 2 1
10 7 2 1
10 7 3 1
10 6 3 1
10 6 4 1
2
20 6 
8
3 6 8 0
3 5 8 0
2 5 8 0
2 5 7 0
2 5 6 0
2 5 5 0
2 6 5 0
2 6 6 0
2
4 28 
9
8 6 2 0
8 7 2 0
7 7 2 0
7 7 1 0
8 7 1 0
8 8 1 0
7 8 1 0
7 8 1 1
7 8 2 1
2
20 14 
6
5 6 8 0
5 5 8 0
6 5 8 0
6 5 7 0
6 4 7 0
6 4 6 0
2
6 12 
7
5 6 6 0
5 5 6 0
6 5 6 0
6 5 6 1
6 5 7 1
6 4 7 1
6 4 8 1
2
18 14 
6
8 6 4 0
8 5 4 0
7 5 4 0
7 5 5 0
7 4 5 0
7 4 6 0
2
8 19 
6
8 8 6 1
8 7 6 1
8 7 5 1
8 8 5 1
8 8 5 0
8 8 4 0
2
19 18 
6
10 8 4 0
10 7 4 0
9 7 4 0
9 7 3 0
9 6 3 0
9 6 4 0
2
21 17 
8
8 2 4 0
8 1 4 0
8 1 3 0
8 2 3 0
8 3 3 0
8 4 3 0
8 4 3 1
8 4 4 1
2
21 23 
9
9 2 4 0
9 1 4 0
9 1 5 0
9 1 6 0
9 1 7 0
9 2 7 0
8 2 7 0
8 2 7 1
8 2 8 1
2
18 6 
6
10 6 4 0
10 5 4 0
9 5 4 0
9 5 5 0
9 6 5 0
9 6 6 0
2
12 15 
9
7 4 8 1
7 3 8 1
7 3 9 1
6 3 9 1
6 4 9 1
7 4 9 1
7 5 9 1
7 6 9 1
7 6 8 1
2
17 12 
8
9 4 4 1
9 3 4 1
8 3 4 1
8 3 5 1
8 3 6 1
8 3 7 1
8 4 7 1
8 4 8 1
2
20 2 
6
6 6 8 0
6 7 8 0
6 7 7 0
6 6 7 0
6 6 7 1
6 6 6 1
2
19 8 
7
11 8 4 0
11 7 4 0
11 7 5 0
11 8 5 0
10 8 5 0
10 8 5 1
10 8 6 1
2
24 0 
9
8 4 2 0
8 3 2 0
9 3 2 0
9 3 3 0
9 3 4 0
8 3 4 0
8 3 5 0
8 4 5 0
8 4 4 0
2
16 24 
9
11 6 4 1
11 5 4 1
10 5 4 1
10 5 3 1
11 5 3 1
11 4 3 1
10 4 3 1
10 4 3 0
10 4 2 0
2
5 3 
8
6 4 2 1
6 5 2 1
7 5 2 1
7 5 3 1
7 4 3 1
7 3 3 1
7 2 3 1
7 2 4 1
2
27 20 
6
6 8 6 0
6 7 6 0
7 7 6 0
7 7 7 0
7 6 7 0
7 6 8 0
2
11 3 
6
8 2 6 0
8 1 6 0
8 1 5 0
8 2 5 0
8 2 5 1
8 2 4 1
2
18 4 
6
11 6 4 0
11 5 4 0
11 5 3 0
10 5 3 0
10 6 3 0
10 6 2 0
2
5 4 
6
11 4 2 1
11 5 2 1
11 5 1 1
11 6 1 1
11 6 1 0
11 6 2 0
2
20 15 
6
8 6 8 0
8 5 8 0
8 5 7 0
8 6 7 0
8 6 7 1
8 6 8 1
2
24 9 
10
11 4 2 0
11 3 2 0
11 3 3 0
11 3 4 0
11 3 5 0
11 3 6 0
11 3 7 0
10 3 7 0
10 4 7 0
10 4 8 0
2
13 15 
8
9 2 8 0
9 3 8 0
9 3 7 0
9 4 7 0
9 5 7 0
9 6 7 0
9 6 7 1
9 6 8 1
2
12 14 
7
9 4 8 1
9 3 8 1
8 3 8 1
8 3 8 0
8 3 7 0
8 4 7 0
8 4 6 0
2
1 5 
8
11 4 6 1
11 3 6 1
12 3 6 1
12 3 5 1
12 3 4 1
12 3 3 1
12 4 3 1
12 4 2 1
2
19 17 
9
12 8 4 0
12 7 4 0
12 7 5 0
12 6 5 0
11 6 5 0
11 5 5 0
11 4 5 0
11 4 5 1
11 4 4 1
2
23 12 
8
9 2 8 1
9 1 8 1
10 1 8 1
10 1 7 1
10 2 7 1
10 3 7 1
10 4 7 1
10 4 8 1
2
9 6 
6
11 4 8 0
11 5 8 0
10 5 8 0
10 5 7 0
10 6 7 0
10 6 6 0
2
14 0 
6
10 4 6 0
10 3 6 0
9 3 6 0
9 3 5 0
9 4 5 0
9 4 4 0
2
18 4 
6
13 6 4 0
13 5 4 0
12 5 4 0
12 5 3 0
12 6 3 0
12 6 2 0
2
1 3 
10
12 4 6 1
12 5 6 1
12 5 5 1
12 4 5 1
12 4 5 0
12 3 5 0
12 2 5 0
11 2 5 0
11 2 5 1
11 2 4 1
2
19 0 
8
13 8 4 0
13 7 4 0
13 7 3 0
13 6 3 0
13 5 3 0
13 4 3 0
12 4 3 0
12 4 4 0
2
26 3 
6
11 2 6 1
11 1 6 1
12 1 6 1
12 1 5 1
12 2 5 1
12 2 4 1
2
18 6 
6
14 6 4 0
14 5 4 0
14 5 5 0
13 5 5 0
13 6 5 0
13 6 6 0
2
7 5 
6
13 2 2 0
13 3 2 0
13 3 1 0
13 4 1 0
13 4 1 1
13 4 2 1
2
13 0 
10
12 2 8 0
12 1 8 0
13 1 8 0
13 1 7 0
13 2 7 0
13 3 7 0
13 3 6 0
13 3 5 0
13 4 5 0
13 4 4 0
2
2 0 
6
14 6 6 1
14 5 6 1
14 5 5 1
14 4 5 1
14 4 5 0
14 4 4 0
2
0 4 
6
15 4 4 0
15 5 4 0
15 5 3 0
14 5 3 0
14 6 3 0
14 6 2 0
2
18 24 
10
15 6 4 0
15 7 4 0
14 7 4 0
14 7 3 0
14 7 2 0
14 7 1 0
14 6 1 0
14 5 1 0
14 4 1 0
14 4 2 0
2
0 7 
6
16 4 4 0
16 3 4 0
15 3 4 0
15 3 3 0
15 2 3 0
15 2 2 0
2
13 11 
8
13 2 8 0
13 3 8 0
13 3 8 1
13 3 7 1
12 3 7 1
12 2 7 1
12 2 7 0
12 2 6 0
2
9 14 
6
12 4 8 0
12 3 8 0
12 3 7 0
12 4 7 0
11 4 7 0
11 4 6 0
2
2 17 
8
15 6 6 1
15 5 6 1
15 5 5 1
15 5 4 1
15 5 3 1
14 5 3 1
14 4 3 1
14 4 4 1
2
15 2 
6
15 6 8 1
15 5 8 1
16 5 8 1
16 5 7 1
16 6 7 1
16 6 6 1
2
13 25 
12
14 2 8 0
14 3 8 0
14 3 7 0
14 4 7 0
13 4 7 0
13 5 7 0
13 6 7 0
13 7 7 0
14 7 7 0
14 8 7 0
13 8 7 0
13 8 8 0
